Nedela u roba
Aj keby nekvitol fík - Tretí Deň
Ako Ty nie je nik
Budeme slúžiť Bohu živému
Chcem vojsť do Pánových brán
Ďakujem za kríž Tvoj - Hillsong
Duch a nevesta
Je dokonáno
Jediné miesto - BCC Worship
Ježiš, Ty máš meno najkrajšie
Kto som ja - BCC Worship
Môj Ježiš, si spásou - Hillsong
Náš Pán, On je kráľov Kráľ
Nekonečný Boh - BCC Worship
Nikto ma nemôže odlúčiť - Tretí Deň
On je Pán
On je silný Boh Izraelov
Oslavuj, Pána oslavuj
Pokoj jak rieka
Slávne, predivné je
Svieť na mojich cestách - BCC Worship
Tam hore
Toto je deň, toto je deň
Ty ma nesieš sám - Richard Čanaky
Ty odpúšťaš - Tretí Deň
Ty si jediný Boh - BCC Worship
Ty si Pánom mojich dní - Tretí Deň
V Tvojich dvoranách
Veď ma z dolných nádvorí
Vesmírom znie
Viac lásky, viac moci
viem čo urobil môj pán
Všade tam, kde sú
Všetká sláva
